// Jest Snapshot v1, https://goo.gl/fbAQLP

exports[`Layout renders the nav link food.com 1`] = `
<a
  href="/"
>
  Food.com
</a>
`;
